[www.aiaa.org/index.html]
[backblue.gif]
[fade.gif]
[index.html]
[www.aiaa.org/Stylesheets/AIAAMain/50bf9a8c-b123-410e-8fef-bfca2bd1b643854f.css]
[use.fontawesome.com/releases/v5.5.0/css/all.css]
[www.aiaa.org/ResourcePackages/AIAA/assets/images/apple-touch-icon-57x57.png]
[www.aiaa.org/ResourcePackages/AIAA/assets/images/apple-touch-icon-114x114.png]
[www.aiaa.org/ResourcePackages/AIAA/assets/images/apple-touch-icon-72x72.png]
[www.aiaa.org/ResourcePackages/AIAA/assets/images/apple-touch-icon-144x144.png]
[www.aiaa.org/ResourcePackages/AIAA/assets/images/apple-touch-icon-60x60.png]
[www.aiaa.org/ResourcePackages/AIAA/assets/images/apple-touch-icon-120x120.png]
[www.aiaa.org/ResourcePackages/AIAA/assets/images/apple-touch-icon-76x76.png]
[www.aiaa.org/ResourcePackages/AIAA/assets/images/apple-touch-icon-152x152.png]
[www.aiaa.org/ResourcePackages/AIAA/assets/images/favicon-196x196.png]
[www.aiaa.org/ResourcePackages/AIAA/assets/images/favicon-96x96.png]
[www.aiaa.org/ResourcePackages/AIAA/assets/images/favicon-32x32.png]
[www.aiaa.org/ResourcePackages/AIAA/assets/images/favicon-16x16.png]
[www.aiaa.org/ResourcePackages/AIAA/assets/images/favicon-128.png]
[www.aiaa.org/ResourcePackages/AIAA/assets/images/mstile-144x144.png]
[www.aiaa.org/ResourcePackages/AIAA/assets/images/mstile-70x70.png]
[www.aiaa.org/ResourcePackages/AIAA/assets/images/mstile-150x150.png]
[www.aiaa.org/ResourcePackages/AIAA/assets/images/mstile-310x150.png]
[www.aiaa.org/ResourcePackages/AIAA/assets/images/mstile-310x310.png]
[ced.sascdn.com/tag/1541/smart.js]
[kit.fontawesome.com/52d9322d54.js]
[dec.azureedge.net/sdk/telerik-dec-client.min.3.0.5.js]
[www.aiaa.org/ScriptResourcecb97.js]
[www.aiaa.org/ScriptResource74e2.js]
[www.aiaa.org/images/default-source/site-design/logos/logo6962.png]
[www.aiaa.org/membership.html]
[www.aiaa.org/images/default-source/site-design/icons/icon-searchc77d.png]
[www.aiaa.org/events-learning.html]
[www.aiaa.org/events-learning/Forums.html]
[www.aiaa.org/aviation.html]
[www.aiaa.org/defense.html]
[www.aiaa.org/SciTech.html]
[www.aiaa.org/events-learning/events.html]
[www.aiaa.org/events-learning/events/ascend/ascend-press-pass.html]
[www.aiaa.org/get-involved/honors-awards/aiaa-awards-gala.html]
[www.aiaa.org/events-learning/courses-workshops.html]
[www.aiaa.org/events-learning/courses-workshops/on-site-courses.html]
[www.aiaa.org/events-learning/courses-workshops/workshops.html]
[www.aiaa.org/events-learning/aiaa-webinars.html]
[www.aiaa.org/events-learning/aiaa-webinars/aerospace-perspectives-series.html]
[www.aiaa.org/events-learning/aiaa-webinars/aerospace-recruitment-series.html]
[www.aiaa.org/events-learning/online-education.html]
[www.aiaa.org/events-learning/exhibit-sponsorship.html]
[www.aiaa.org/events-learning/podcasts.html]
[www.aiaa.org/images/default-source/banners/aerospaceperspectiveswebsmall65a8.jpg]
[www.aiaa.org/get-involved.html]
[www.aiaa.org/get-involved/committees-groups.html]
[www.aiaa.org/get-involved/regions-sections.html]
[www.aiaa.org/get-involved/regions-sections/distinguished-Distinguished-Speaker-Series.html]
[www.aiaa.org/get-involved/committees-groups/AIAA-Committees-on-Standards.html]
[www.aiaa.org/get-involved/committees-groups/AIAA-Committees-on-Standards/About-ISO-TC20-SC16-U-S-TAG.html]
[www.aiaa.org/get-involved/committees-groups/AIAA-Committees-on-Standards/iso-tc20-sc14.html]
[www.aiaa.org/get-involved/committees-groups/AIAA-Committees-on-Standards/u.s.html]
[www.aiaa.org/get-involved/committees-groups/AIAA-Committees-on-Standards/See-How-Standards-are-Developed-at-AIAA.html]
[www.aiaa.org/get-involved/committees-groups/AIAA-Committees-on-Standards/International-Standards-Activity.html]
[www.aiaa.org/get-involved/committees-groups/AIAA-Standing-Committees.html]
[www.aiaa.org/get-involved/committees-groups/technical-committees.html]
[www.aiaa.org/get-involved/committees-groups/Integration-and-Outreach-Division-Committees.html]
[www.aiaa.org/get-involved/committees-groups/Diversity-and-Inclusion.html]
[www.aiaa.org/get-involved/committees-groups/Diversity-and-Inclusion/Diversity-Scholars-Program.html]
[www.aiaa.org/get-involved/committees-groups/young-professionals.html]
[www.aiaa.org/get-involved/university-students.html]
[www.aiaa.org/get-involved/students-educators/Student-Branches.html]
[www.aiaa.org/get-involved/students-educators/undergraduate-scholarships-graduate-awards.html]
[www.aiaa.org/get-involved/students-educators/scholarships-graduate-awards/eligibility-requirements.html]
[www.aiaa.org/get-involved/students-educators/scholarships-graduate-awards/application-requirements.html]
[www.aiaa.org/get-involved/students-educators/scholarships-graduate-awards/restrictions.html]
[www.aiaa.org/get-involved/students-educators/Careers-in-Aerospace.html]
[www.aiaa.org/get-involved/students-educators/student-conferences.html]
[www.aiaa.org/get-involved/students-educators/Design-Competitions.html]
[www.aiaa.org/get-involved/students-educators/design-build-fly-competition.html]
[www.aiaa.org/events-learning/event/2020/06/16/default-calendar/spaceport-america-cup.html]
[www.aiaa.org/get-involved/k-12-students.html]
[www.aiaa.org/get-involved/k-12-students/design-build-launch-competition.html]
[www.aiaa.org/get-involved/students-educators/higher-orbits-program.html]
[www.aiaa.org/get-involved/k-12-students/scholarships.html]
[www.aiaa.org/get-involved/k-12-students/scholarships/aiaa-roger-w.html]
[www.aiaa.org/get-involved/k-12-students/scholarships/aiaa-lockheed-martin-marillyn-hewson-scholarship.html]
[www.aiaa.org/get-involved/k-12-students/scholarships/high-school-student-awards.html]
[www.aiaa.org/get-involved/k-12-students/reach-for-the-stars---national-rocket-competition.html]
[www.aiaa.org/get-involved/k-12-students/aerospace-robotics-competition.html]
[www.aiaa.org/get-involved/k-12-students/conrad-challenge.html]
[www.aiaa.org/get-involved/k-12-students/the-american-rocketry-challenge.html]
[www.aiaa.org/get-involved/k-12-students/the-regeneron-international-science-and-engineering-fair.html]
[www.aiaa.org/get-involved/k-12-students/students-in-stem-profiles.html]
[www.aiaa.org/get-involved/educators.html]
[www.aiaa.org/get-involved/educators/Classroom-Grants-Microlessons.html]
[www.aiaa.org/get-involved/students-educators/k-12-teacher-resources/aerospace-micro-lessons.html]
[www.aiaa.org/get-involved/educators/trailblazing-stem-educator-award.html]
[www.aiaa.org/get-involved/educators/engineers-week.html]
[www.aiaa.org/get-involved/educators/exploration-generation.html]
[www.aiaa.org/get-involved/honors-awards.html]
[www.aiaa.org/get-involved/honors-awards/honors.html]
[www.aiaa.org/get-involved/honors-awards/honors/Associate-Fellows-Nominations.html]
[www.aiaa.org/get-involved/honors-awards/honors/Fellows-Nominations.html]
[www.aiaa.org/get-involved/honors-awards/honors/Honorary-Fellows-Nominations.html]
[www.aiaa.org/get-involved/honors-awards/awards.html]
[www.aiaa.org/get-involved/honors-awards/awards/call-for-awards-nominations.html]
[www.aiaa.org/get-involved/honors-awards/awards/premier-awards.html]
[www.aiaa.org/get-involved/honors-awards/awards/lectureship-awards.html]
[www.aiaa.org/get-involved/honors-awards/awards/technical-awards.html]
[www.aiaa.org/get-involved/honors-awards/awards/educator-awards.html]
[www.aiaa.org/get-involved/honors-awards/awards/publication-awards.html]
[www.aiaa.org/get-involved/honors-awards/awards/section-awards.html]
[www.aiaa.org/get-involved/honors-awards/awards/service-awards.html]
[www.aiaa.org/get-involved/honors-awards/awards/student-awards.html]
[www.aiaa.org/get-involved/honors-awards/awards/best-paper-awards.html]
[www.aiaa.org/get-involved/honors-awards/awards/awards-policies-and-requirements.html]
[www.aiaa.org/about.html]
[www.aiaa.org/get-involved/volunteer-opportunities.html]
[www.aiaa.org/about/Governance.html]
[www.aiaa.org/about/Governance/AIAA-Leadership.html]
[www.aiaa.org/about/Governance/Board-of-Trustees.html]
[www.aiaa.org/about/Governance/Council-of-Directors.html]
[www.aiaa.org/get-involved/corporate-members.html]
[www.aiaa.org/get-involved/partners.html]
[www.aiaa.org/publications.html]
[www.aiaa.org/publications/books.html]
[www.aiaa.org/index.html]
[www.aiaa.org/Stylesheets/AIAAMain/50bf9a8c-b123-410e-8fef-bfca2bd1b643854f.css]
[use.fontawesome.com/releases/v5.5.0/css/all.css]
[www.googletagmanager.com/gtm5445.html]
[www.aiaa.org/ScriptResourcecb97.js]
[www.aiaa.org/publications/books/Books-eBooks-Authors.html]
[www.aiaa.org/ScriptResource74e2.js]
[www.aiaa.org/membership.html]
[www.aiaa.org/events-learning.html]
[www.aiaa.org/events-learning/Forums.html]
[www.aiaa.org/aviation.html]
[www.aiaa.org/defense.html]
[www.aiaa.org/SciTech.html]
[www.aiaa.org/events-learning/events.html]
[www.aiaa.org/events-learning/events/ascend/ascend-press-pass.html]
[www.aiaa.org/get-involved/honors-awards/aiaa-awards-gala.html]
[www.aiaa.org/events-learning/courses-workshops.html]
[www.aiaa.org/events-learning/courses-workshops/on-site-courses.html]
[www.aiaa.org/events-learning/courses-workshops/workshops.html]
[www.aiaa.org/events-learning/aiaa-webinars.html]
[www.aiaa.org/events-learning/aiaa-webinars/aerospace-perspectives-series.html]
[www.aiaa.org/events-learning/aiaa-webinars/aerospace-recruitment-series.html]
[www.aiaa.org/events-learning/online-education.html]
